Port: 81 
Root Path: directory
RootDirectory: root
LogDirectory: myLogDirectory
Omitting Updates 
Days Till Version Expire: 22 
UserPassword File: null
