<html>
<head>
  <title>History Comparison</title>
  <link rel="stylesheet" type="text/css" href="/files/css/fitnesse.css" media="screen"/>
  <link rel="stylesheet" type="text/css" href="/files/css/fitnesse_print.css" media="print"/>
  <script src="/files/javascript/fitnesse.js" type="text/javascript"></script>
</head>
<body>

<div class="sidebar">
  <div class="art_niche" onclick="document.location='FrontPage'"></div>
  <div class="actions"></div>
</div>
<div class="mainbar">
  <div class="header">
    <br/><span class="page_title"><a href="/TestFolder">TestFolder</a></span>
    <br/>
  <span class="page_type">Test History</span></div>
  <div class="main">
<table>
  <tr>
    <td class="fail">
       Something Didn't Match     </td>
  </tr>
</table>

<table>
  <tr>
    <td>"Scores"</td>
    <td>Sun Feb 15 11:14:30 PST 2009</td>
    <td>Sun Feb 15 11:14:35 PST 2009</td>
  </tr>
  <tr>
	<td class=pass> Match. 		Score: 8.33% </td>
    <td><table><tr><td>This is the content</td></tr></table></td>
    <td><table><tr><td>This is the content</td></tr></table></td>
      </tr>

 </table>
      </div>
  </div>
</body>
</html>