<!DOCTYPE HTML PUBLIC "-//W3C//DTD HTML 4.01//EN" "http://www.w3.org/TR/xhtml1/DTD/xhtml1-strict.dtd">
<html>
	<head>
		<title>Error Occured</title>
		<link rel="stylesheet" type="text/css" href="/files/css/fitnesse.css" media="screen"/>
		<link rel="stylesheet" type="text/css" href="/files/css/fitnesse_print.css" media="print"/>
		<script src="/files/javascript/fitnesse.js" type="text/javascript"></script>
	</head>
	<body>
		<div class="sidebar">
			<div class="art_niche" onclick="document.location='FrontPage'"></div>
			<div class="actions"></div>
		</div>
		<div class="mainbar">
			<div class="header">
				<span class="page_title">Error Occured</span>
			</div>
			<div class="main">
				<div class="centered">These files could not be compared.  They might be suites, or something else might be wrong.</div>
			</div>
		</div>
	</body>
</html>
